Picked up JAVA_TOOL_OPTIONS: -Dfile.encoding=UTF-8 -Dsun.stdout.encoding=UTF-8
To honour the JVM settings for this build a single-use Daemon process will be forked. For more on this, please refer to https://docs.gradle.org/9.0.0/userguide/gradle_daemon.html#sec:disabling_the_daemon in the Gradle documentation.
Daemon will be stopped at the end of the build 
Unable to receive command from client socket connection from /127.0.0.1:41887 to /127.0.0.1:52546. Discarding connection.
org.gradle.internal.remote.internal.MessageIOException: Could not read message from '/127.0.0.1:52546'.
	at org.gradle.internal.remote.internal.inet.SocketConnection.receive(SocketConnection.java:96)
	at org.gradle.launcher.daemon.server.SynchronizedDispatchConnection.receive(SynchronizedDispatchConnection.java:70)
	at org.gradle.launcher.daemon.server.DefaultDaemonConnection$1.run(DefaultDaemonConnection.java:74)
	at org.gradle.internal.concurrent.ExecutorPolicy$CatchAndRecordFailures.onExecute(ExecutorPolicy.java:64)
	at org.gradle.internal.concurrent.AbstractManagedExecutor$1.run(AbstractManagedExecutor.java:47)
	at java.base/java.util.concurrent.ThreadPoolExecutor.runWorker(ThreadPoolExecutor.java:1136)
	at java.base/java.util.concurrent.ThreadPoolExecutor$Worker.run(ThreadPoolExecutor.java:635)
	at java.base/java.lang.Thread.run(Thread.java:840)
Caused by: java.lang.IllegalArgumentException: Unexpected type tag 71 found.
	at org.gradle.internal.serialize.DefaultSerializerRegistry$TaggedTypeSerializer.read(DefaultSerializerRegistry.java:162)
	at org.gradle.internal.serialize.Serializers$StatefulSerializerAdapter$1.read(Serializers.java:36)
	at org.gradle.internal.remote.internal.inet.SocketConnection.receive(SocketConnection.java:83)
	... 7 more
Unable to receive command from client socket connection from /127.0.0.1:41887 to /127.0.0.1:52552. Discarding connection.
org.gradle.internal.remote.internal.MessageIOException: Could not read message from '/127.0.0.1:52552'.
	at org.gradle.internal.remote.internal.inet.SocketConnection.receive(SocketConnection.java:96)
	at org.gradle.launcher.daemon.server.SynchronizedDispatchConnection.receive(SynchronizedDispatchConnection.java:70)
	at org.gradle.launcher.daemon.server.DefaultDaemonConnection$1.run(DefaultDaemonConnection.java:74)
	at org.gradle.internal.concurrent.ExecutorPolicy$CatchAndRecordFailures.onExecute(ExecutorPolicy.java:64)
	at org.gradle.internal.concurrent.AbstractManagedExecutor$1.run(AbstractManagedExecutor.java:47)
	at java.base/java.util.concurrent.ThreadPoolExecutor.runWorker(ThreadPoolExecutor.java:1136)
	at java.base/java.util.concurrent.ThreadPoolExecutor$Worker.run(ThreadPoolExecutor.java:635)
	at java.base/java.lang.Thread.run(Thread.java:840)
Caused by: java.lang.IllegalArgumentException: Unexpected type tag 22 found.
	at org.gradle.internal.serialize.DefaultSerializerRegistry$TaggedTypeSerializer.read(DefaultSerializerRegistry.java:162)
	at org.gradle.internal.serialize.Serializers$StatefulSerializerAdapter$1.read(Serializers.java:36)
	at org.gradle.internal.remote.internal.inet.SocketConnection.receive(SocketConnection.java:83)
	... 7 more
Observed package id 'ndk;27.0.12077973' in inconsistent location '/opt/nix/store/nibdn1wppjp3gqw1z3y14s291r8r9rhn-androidsdk/libexec/android-sdk/ndk-bundle' (Expected '/opt/nix/store/nibdn1wppjp3gqw1z3y14s291r8r9rhn-androidsdk/libexec/android-sdk/ndk/27.0.12077973')
Observed package id 'ndk;27.0.12077973' in inconsistent location '/opt/nix/store/nibdn1wppjp3gqw1z3y14s291r8r9rhn-androidsdk/libexec/android-sdk/ndk-bundle' (Expected '/opt/nix/store/nibdn1wppjp3gqw1z3y14s291r8r9rhn-androidsdk/libexec/android-sdk/ndk/27.0.12077973')
Observed package id 'ndk;27.0.12077973' in inconsistent location '/opt/nix/store/nibdn1wppjp3gqw1z3y14s291r8r9rhn-androidsdk/libexec/android-sdk/ndk-bundle' (Expected '/opt/nix/store/nibdn1wppjp3gqw1z3y14s291r8r9rhn-androidsdk/libexec/android-sdk/ndk/27.0.12077973')
Observed package id 'ndk;27.0.12077973' in inconsistent location '/opt/nix/store/nibdn1wppjp3gqw1z3y14s291r8r9rhn-androidsdk/libexec/android-sdk/ndk-bundle' (Expected '/opt/nix/store/nibdn1wppjp3gqw1z3y14s291r8r9rhn-androidsdk/libexec/android-sdk/ndk/27.0.12077973')
Observed package id 'ndk;27.0.12077973' in inconsistent location '/opt/nix/store/nibdn1wppjp3gqw1z3y14s291r8r9rhn-androidsdk/libexec/android-sdk/ndk-bundle' (Expected '/opt/nix/store/nibdn1wppjp3gqw1z3y14s291r8r9rhn-androidsdk/libexec/android-sdk/ndk/27.0.12077973')

[Incubating] Problems report is available at: file:///home/user/Kotatsu-Redo/build/reports/problems/problems-report.html

FAILURE: Build failed with an exception.

* What went wrong:
platform encoding not initialized

* Try:
> Run with --stacktrace option to get the stack trace.
> Run with --info or --debug option to get more log output.
> Run with --scan to generate a Build Scan (Powered by Develocity).
> Get more help at https://help.gradle.org.

Deprecated Gradle features were used in this build, making it incompatible with Gradle 10.

You can use '--warning-mode all' to show the individual deprecation warnings and determine if they come from your own scripts or plugins.

For more on this, please refer to https://docs.gradle.org/9.0.0/userguide/command_line_interface.html#sec:command_line_warnings in the Gradle documentation.

BUILD FAILED in 13s
